2025-10-24 23:26:35,940 - INFO - use_feature_engineering - dataset loaded with shape: (3561, 11)
2025-10-24 23:26:35,940 - INFO - feature_engineering - FeatureEngineering initialized with dataset shape: (3561, 11)
2025-10-24 23:28:50,063 - INFO - use_feature_engineering - dataset loaded with shape: (3561, 11)
2025-10-24 23:28:50,063 - INFO - feature_engineering - FeatureEngineering initialized with dataset shape: (3561, 11)
2025-10-24 23:28:50,138 - INFO - use_feature_engineering - new TF-IDF features added
2025-10-24 23:28:50,624 - INFO - use_feature_engineering - file saved to path: data/engineered\engineered_dataset.csv
2025-10-24 23:30:48,150 - INFO - use_feature_engineering - dataset loaded with shape: (3561, 11)
2025-10-24 23:30:48,150 - INFO - feature_engineering - FeatureEngineering initialized with dataset shape: (3561, 11)
2025-10-24 23:30:48,222 - INFO - feature_engineering - features created successfully! Dataset shape: (3561, 515)
2025-10-24 23:30:48,224 - INFO - use_feature_engineering - new TF-IDF features added
2025-10-24 23:30:48,698 - INFO - use_feature_engineering - file saved to path: data/engineered\engineered_dataset.csv
2025-10-25 00:23:43,056 - INFO - use_feature_engineering - dataset loaded with shape: (3561, 11)
2025-10-25 00:23:43,057 - INFO - feature_engineering - FeatureEngineering initialized with dataset shape: (3561, 11)
2025-10-25 00:23:43,124 - INFO - feature_engineering - features created successfully! Dataset shape: (3561, 15)
2025-10-25 00:23:43,125 - INFO - use_feature_engineering - new TF-IDF features added
2025-10-25 00:23:43,148 - INFO - use_feature_engineering - file saved to path: data/engineered\engineered_dataset.csv
2025-10-25 00:27:30,040 - INFO - use_feature_engineering - dataset loaded with shape: (3561, 11)
2025-10-25 00:27:30,040 - INFO - feature_engineering - FeatureEngineering initialized with dataset shape: (3561, 11)
2025-10-25 00:27:30,110 - INFO - feature_engineering - features created successfully! Dataset shape: (3561, 515)
2025-10-25 00:27:30,111 - INFO - use_feature_engineering - new TF-IDF features added
2025-10-25 00:27:30,567 - INFO - use_feature_engineering - file saved to path: data/engineered\engineered_dataset.csv
2025-10-25 01:13:57,425 - INFO - use_feature_engineering - dataset loaded with shape: (3561, 11)
2025-10-25 01:13:57,426 - INFO - feature_engineering - FeatureEngineering initialized with dataset shape: (3561, 11)
2025-10-25 01:13:57,498 - INFO - feature_engineering - features created successfully! Dataset shape: (3561, 515)
2025-10-25 01:13:57,498 - INFO - use_feature_engineering - new TF-IDF features added
2025-10-25 01:13:57,984 - INFO - use_feature_engineering - file saved to path: data/engineered\engineered_dataset.csv
2025-10-25 01:18:16,789 - INFO - use_feature_engineering - dataset loaded with shape: (3561, 11)
2025-10-25 01:18:16,790 - INFO - feature_engineering - FeatureEngineering initialized with dataset shape: (3561, 11)
2025-10-25 01:18:16,862 - INFO - feature_engineering - features created successfully! Dataset shape: (3561, 515)
2025-10-25 01:18:16,863 - INFO - use_feature_engineering - new TF-IDF features added
2025-10-25 01:18:17,405 - INFO - use_feature_engineering - file saved to path: data/engineered\engineered_dataset.csv
2025-10-25 01:18:24,615 - INFO - use_feature_engineering - dataset loaded with shape: (3561, 11)
2025-10-25 01:18:24,616 - INFO - feature_engineering - FeatureEngineering initialized with dataset shape: (3561, 11)
2025-10-25 01:18:24,688 - INFO - feature_engineering - features created successfully! Dataset shape: (3561, 515)
2025-10-25 01:18:24,689 - INFO - use_feature_engineering - new TF-IDF features added
2025-10-25 01:18:25,210 - INFO - use_feature_engineering - file saved to path: data/engineered\engineered_dataset.csv
2025-10-25 15:38:24,617 - INFO - feature_engineering - FeatureEngineering initialized with dataset shape: (1, 11)
2025-10-25 15:38:24,622 - INFO - feature_engineering - features created successfully! Dataset shape: (1, 20)
2025-10-25 15:41:01,418 - INFO - feature_engineering - FeatureEngineering initialized with dataset shape: (1, 11)
2025-10-25 15:41:01,422 - INFO - feature_engineering - features created successfully! Dataset shape: (1, 20)
2025-10-25 15:41:19,533 - INFO - feature_engineering - FeatureEngineering initialized with dataset shape: (1, 11)
2025-10-25 15:41:19,537 - INFO - feature_engineering - features created successfully! Dataset shape: (1, 20)
2025-10-25 15:41:20,433 - INFO - feature_engineering - FeatureEngineering initialized with dataset shape: (1, 11)
2025-10-25 15:41:20,435 - INFO - feature_engineering - features created successfully! Dataset shape: (1, 20)
2025-10-25 15:41:21,063 - INFO - feature_engineering - FeatureEngineering initialized with dataset shape: (1, 11)
2025-10-25 15:41:21,066 - INFO - feature_engineering - features created successfully! Dataset shape: (1, 20)
2025-10-25 15:45:13,019 - INFO - feature_engineering - FeatureEngineering initialized with dataset shape: (1, 11)
2025-10-25 15:45:13,022 - INFO - feature_engineering - features created successfully! Dataset shape: (1, 20)
2025-10-25 15:46:37,748 - INFO - feature_engineering - FeatureEngineering initialized with dataset shape: (1, 11)
2025-10-25 15:46:37,753 - INFO - feature_engineering - features created successfully! Dataset shape: (1, 27)
2025-10-25 15:48:20,771 - INFO - feature_engineering - FeatureEngineering initialized with dataset shape: (1, 11)
2025-10-25 15:48:20,773 - INFO - feature_engineering - features created successfully! Dataset shape: (1, 32)
2025-10-25 15:48:34,974 - INFO - feature_engineering - FeatureEngineering initialized with dataset shape: (1, 11)
2025-10-25 15:48:34,976 - INFO - feature_engineering - features created successfully! Dataset shape: (1, 32)
2025-10-25 15:48:35,598 - INFO - feature_engineering - FeatureEngineering initialized with dataset shape: (1, 11)
2025-10-25 15:48:35,600 - INFO - feature_engineering - features created successfully! Dataset shape: (1, 32)
2025-10-25 15:50:29,811 - INFO - feature_engineering - FeatureEngineering initialized with dataset shape: (1, 11)
2025-10-25 15:50:29,813 - INFO - feature_engineering - features created successfully! Dataset shape: (1, 29)
2025-10-25 15:51:00,194 - INFO - feature_engineering - FeatureEngineering initialized with dataset shape: (1, 11)
2025-10-25 15:51:00,196 - INFO - feature_engineering - features created successfully! Dataset shape: (1, 34)
2025-10-25 15:51:40,330 - INFO - feature_engineering - FeatureEngineering initialized with dataset shape: (1, 11)
2025-10-25 15:51:40,333 - INFO - feature_engineering - features created successfully! Dataset shape: (1, 34)
2025-10-25 15:51:59,584 - INFO - feature_engineering - FeatureEngineering initialized with dataset shape: (1, 11)
2025-10-25 15:51:59,586 - INFO - feature_engineering - features created successfully! Dataset shape: (1, 16)
2025-10-25 16:04:19,673 - INFO - use_feature_engineering - dataset loaded with shape: (3561, 11)
2025-10-25 16:04:19,673 - INFO - feature_engineering - FeatureEngineering initialized with dataset shape: (3561, 11)
2025-10-25 16:04:19,748 - INFO - feature_engineering - TF-IDF vectorizer saved to model/best/tfidf_vectorizer.joblib
2025-10-25 16:04:19,748 - INFO - feature_engineering - features created successfully! Dataset shape: (3561, 515)
2025-10-25 16:04:19,749 - INFO - use_feature_engineering - new TF-IDF features added
2025-10-25 16:04:20,194 - INFO - use_feature_engineering - file saved to path: data/engineered\engineered_dataset.csv
2025-10-25 16:07:54,497 - INFO - feature_engineering - FeatureEngineering initialized with dataset shape: (1, 11)
2025-10-25 16:07:54,499 - INFO - feature_engineering - features created successfully! Dataset shape: (1, 16)
2025-10-25 16:12:24,158 - INFO - feature_engineering - FeatureEngineering initialized with dataset shape: (1, 11)
2025-10-25 16:12:29,223 - INFO - feature_engineering - FeatureEngineering initialized with dataset shape: (1, 11)
2025-10-25 16:14:22,735 - INFO - feature_engineering - FeatureEngineering initialized with dataset shape: (1, 11)
2025-10-25 16:19:18,332 - INFO - feature_engineering - FeatureEngineering initialized with dataset shape: (1, 11)
2025-10-25 16:19:23,537 - INFO - feature_engineering - FeatureEngineering initialized with dataset shape: (1, 11)
2025-10-25 16:19:24,186 - INFO - feature_engineering - FeatureEngineering initialized with dataset shape: (1, 11)
2025-10-25 16:19:24,688 - INFO - feature_engineering - FeatureEngineering initialized with dataset shape: (1, 11)
2025-10-25 16:19:25,303 - INFO - feature_engineering - FeatureEngineering initialized with dataset shape: (1, 11)
2025-10-25 16:19:26,061 - INFO - feature_engineering - FeatureEngineering initialized with dataset shape: (1, 11)
2025-10-25 16:19:26,759 - INFO - feature_engineering - FeatureEngineering initialized with dataset shape: (1, 11)
2025-10-25 16:19:27,253 - INFO - feature_engineering - FeatureEngineering initialized with dataset shape: (1, 11)
2025-10-25 16:19:28,024 - INFO - feature_engineering - FeatureEngineering initialized with dataset shape: (1, 11)
2025-10-25 16:27:39,133 - INFO - feature_engineering - FeatureEngineering initialized with dataset shape: (1, 11)
2025-10-25 16:28:53,963 - INFO - feature_engineering - FeatureEngineering initialized with dataset shape: (1, 11)
2025-10-25 16:28:55,149 - INFO - feature_engineering - FeatureEngineering initialized with dataset shape: (1, 11)
2025-10-25 16:28:55,744 - INFO - feature_engineering - FeatureEngineering initialized with dataset shape: (1, 11)
2025-10-25 16:29:09,701 - INFO - feature_engineering - FeatureEngineering initialized with dataset shape: (1, 11)
2025-10-25 16:29:10,846 - INFO - feature_engineering - FeatureEngineering initialized with dataset shape: (1, 11)
2025-10-25 16:29:11,413 - INFO - feature_engineering - FeatureEngineering initialized with dataset shape: (1, 11)
2025-10-25 16:29:19,566 - INFO - feature_engineering - FeatureEngineering initialized with dataset shape: (1, 11)
2025-10-25 16:29:20,717 - INFO - feature_engineering - FeatureEngineering initialized with dataset shape: (1, 11)
2025-10-25 16:29:26,563 - INFO - feature_engineering - FeatureEngineering initialized with dataset shape: (1, 11)
2025-10-25 16:29:27,717 - INFO - feature_engineering - FeatureEngineering initialized with dataset shape: (1, 11)
2025-10-25 16:29:28,282 - INFO - feature_engineering - FeatureEngineering initialized with dataset shape: (1, 11)
2025-10-25 16:29:32,999 - INFO - feature_engineering - FeatureEngineering initialized with dataset shape: (1, 11)
2025-10-25 16:29:33,687 - INFO - feature_engineering - FeatureEngineering initialized with dataset shape: (1, 11)
2025-10-25 16:29:39,164 - INFO - feature_engineering - FeatureEngineering initialized with dataset shape: (1, 11)
2025-10-25 16:29:40,066 - INFO - feature_engineering - FeatureEngineering initialized with dataset shape: (1, 11)
2025-10-25 16:30:57,222 - INFO - feature_engineering - FeatureEngineering initialized with dataset shape: (1, 11)
2025-10-25 16:31:11,533 - INFO - feature_engineering - FeatureEngineering initialized with dataset shape: (1, 11)
2025-10-25 16:31:12,679 - INFO - feature_engineering - FeatureEngineering initialized with dataset shape: (1, 11)
2025-10-25 16:31:16,911 - INFO - feature_engineering - FeatureEngineering initialized with dataset shape: (1, 11)
2025-10-25 16:31:17,503 - INFO - feature_engineering - FeatureEngineering initialized with dataset shape: (1, 11)
2025-10-25 16:31:22,885 - INFO - feature_engineering - FeatureEngineering initialized with dataset shape: (1, 11)
2025-10-25 16:31:24,001 - INFO - feature_engineering - FeatureEngineering initialized with dataset shape: (1, 11)
2025-10-25 16:31:24,919 - INFO - feature_engineering - FeatureEngineering initialized with dataset shape: (1, 11)
2025-10-25 16:31:32,090 - INFO - feature_engineering - FeatureEngineering initialized with dataset shape: (1, 11)
2025-10-25 16:31:33,270 - INFO - feature_engineering - FeatureEngineering initialized with dataset shape: (1, 11)
2025-10-25 16:31:38,246 - INFO - feature_engineering - FeatureEngineering initialized with dataset shape: (1, 11)
2025-10-25 16:31:39,156 - INFO - feature_engineering - FeatureEngineering initialized with dataset shape: (1, 11)
2025-10-25 16:31:46,716 - INFO - feature_engineering - FeatureEngineering initialized with dataset shape: (1, 11)
2025-10-25 16:31:47,397 - INFO - feature_engineering - FeatureEngineering initialized with dataset shape: (1, 11)
2025-10-25 16:32:00,188 - INFO - feature_engineering - FeatureEngineering initialized with dataset shape: (1, 11)
2025-10-25 16:32:01,297 - INFO - feature_engineering - FeatureEngineering initialized with dataset shape: (1, 11)
2025-10-25 16:32:02,644 - INFO - feature_engineering - FeatureEngineering initialized with dataset shape: (1, 11)
2025-10-25 16:38:03,548 - INFO - feature_engineering - FeatureEngineering initialized with dataset shape: (1, 11)
2025-10-25 16:38:03,551 - INFO - feature_engineering - features created successfully! Dataset shape: (1, 43)
2025-10-25 16:38:05,052 - INFO - feature_engineering - FeatureEngineering initialized with dataset shape: (1, 11)
2025-10-25 16:38:05,055 - INFO - feature_engineering - features created successfully! Dataset shape: (1, 43)
2025-10-25 16:38:20,000 - INFO - feature_engineering - FeatureEngineering initialized with dataset shape: (1, 11)
2025-10-25 16:38:20,002 - INFO - feature_engineering - features created successfully! Dataset shape: (1, 43)
2025-10-25 16:42:20,686 - INFO - feature_engineering - FeatureEngineering initialized with dataset shape: (1, 11)
2025-10-25 16:42:20,689 - INFO - feature_engineering - features created successfully! Dataset shape: (1, 43)
2025-10-25 16:45:25,673 - INFO - feature_engineering - FeatureEngineering initialized with dataset shape: (1, 11)
2025-10-25 16:45:25,675 - INFO - feature_engineering - features created successfully! Dataset shape: (1, 43)
2025-10-25 16:45:42,662 - INFO - feature_engineering - FeatureEngineering initialized with dataset shape: (1, 11)
2025-10-25 16:45:42,664 - INFO - feature_engineering - features created successfully! Dataset shape: (1, 43)
2025-10-25 16:45:43,367 - INFO - feature_engineering - FeatureEngineering initialized with dataset shape: (1, 11)
2025-10-25 16:45:43,369 - INFO - feature_engineering - features created successfully! Dataset shape: (1, 43)
2025-10-25 16:45:43,664 - INFO - feature_engineering - FeatureEngineering initialized with dataset shape: (1, 11)
2025-10-25 16:45:43,667 - INFO - feature_engineering - features created successfully! Dataset shape: (1, 43)
2025-10-25 16:45:43,820 - INFO - feature_engineering - FeatureEngineering initialized with dataset shape: (1, 11)
2025-10-25 16:45:43,823 - INFO - feature_engineering - features created successfully! Dataset shape: (1, 43)
2025-10-25 16:45:44,663 - INFO - feature_engineering - FeatureEngineering initialized with dataset shape: (1, 11)
2025-10-25 16:45:44,665 - INFO - feature_engineering - features created successfully! Dataset shape: (1, 43)
2025-10-25 16:45:45,345 - INFO - feature_engineering - FeatureEngineering initialized with dataset shape: (1, 11)
2025-10-25 16:45:45,347 - INFO - feature_engineering - features created successfully! Dataset shape: (1, 43)
2025-10-25 16:45:50,756 - INFO - feature_engineering - FeatureEngineering initialized with dataset shape: (1, 11)
2025-10-25 16:45:50,759 - INFO - feature_engineering - features created successfully! Dataset shape: (1, 43)
2025-10-25 16:45:51,077 - INFO - feature_engineering - FeatureEngineering initialized with dataset shape: (1, 11)
2025-10-25 16:45:51,079 - INFO - feature_engineering - features created successfully! Dataset shape: (1, 43)
2025-10-25 16:45:51,390 - INFO - feature_engineering - FeatureEngineering initialized with dataset shape: (1, 11)
2025-10-25 16:45:51,392 - INFO - feature_engineering - features created successfully! Dataset shape: (1, 43)
2025-10-25 16:47:06,158 - INFO - feature_engineering - FeatureEngineering initialized with dataset shape: (1, 11)
2025-10-25 16:47:06,160 - INFO - feature_engineering - features created successfully! Dataset shape: (1, 43)
2025-10-25 16:47:06,807 - INFO - feature_engineering - FeatureEngineering initialized with dataset shape: (1, 11)
2025-10-25 16:47:06,809 - INFO - feature_engineering - features created successfully! Dataset shape: (1, 43)
2025-10-25 16:47:09,196 - INFO - feature_engineering - FeatureEngineering initialized with dataset shape: (1, 11)
2025-10-25 16:47:09,198 - INFO - feature_engineering - features created successfully! Dataset shape: (1, 43)
2025-10-25 16:47:59,479 - INFO - feature_engineering - FeatureEngineering initialized with dataset shape: (1, 11)
2025-10-25 16:47:59,480 - INFO - feature_engineering - features created successfully! Dataset shape: (1, 43)
2025-10-25 16:48:00,104 - INFO - feature_engineering - FeatureEngineering initialized with dataset shape: (1, 11)
2025-10-25 16:48:00,106 - INFO - feature_engineering - features created successfully! Dataset shape: (1, 43)
2025-10-25 16:48:00,430 - INFO - feature_engineering - FeatureEngineering initialized with dataset shape: (1, 11)
2025-10-25 16:48:00,433 - INFO - feature_engineering - features created successfully! Dataset shape: (1, 43)
2025-10-25 16:48:00,583 - INFO - feature_engineering - FeatureEngineering initialized with dataset shape: (1, 11)
2025-10-25 16:48:00,585 - INFO - feature_engineering - features created successfully! Dataset shape: (1, 43)
2025-10-25 16:48:05,338 - INFO - feature_engineering - FeatureEngineering initialized with dataset shape: (1, 11)
2025-10-25 16:48:05,340 - INFO - feature_engineering - features created successfully! Dataset shape: (1, 43)
2025-10-25 16:58:38,853 - INFO - feature_engineering - FeatureEngineering initialized with dataset shape: (1, 11)
2025-10-25 16:58:38,856 - INFO - feature_engineering - features created successfully! Dataset shape: (1, 43)
2025-10-25 16:58:48,565 - INFO - feature_engineering - FeatureEngineering initialized with dataset shape: (1, 11)
2025-10-25 16:58:48,567 - INFO - feature_engineering - features created successfully! Dataset shape: (1, 43)
2025-10-25 16:58:51,109 - INFO - feature_engineering - FeatureEngineering initialized with dataset shape: (1, 11)
2025-10-25 16:58:51,111 - INFO - feature_engineering - features created successfully! Dataset shape: (1, 43)
2025-10-25 16:58:51,827 - INFO - feature_engineering - FeatureEngineering initialized with dataset shape: (1, 11)
2025-10-25 16:58:51,829 - INFO - feature_engineering - features created successfully! Dataset shape: (1, 43)
2025-10-25 16:58:52,206 - INFO - feature_engineering - FeatureEngineering initialized with dataset shape: (1, 11)
2025-10-25 16:58:52,209 - INFO - feature_engineering - features created successfully! Dataset shape: (1, 43)
2025-10-25 16:58:52,371 - INFO - feature_engineering - FeatureEngineering initialized with dataset shape: (1, 11)
2025-10-25 16:58:52,373 - INFO - feature_engineering - features created successfully! Dataset shape: (1, 43)
2025-10-25 16:58:52,713 - INFO - feature_engineering - FeatureEngineering initialized with dataset shape: (1, 11)
2025-10-25 16:58:52,715 - INFO - feature_engineering - features created successfully! Dataset shape: (1, 43)
2025-10-25 16:58:53,062 - INFO - feature_engineering - FeatureEngineering initialized with dataset shape: (1, 11)
2025-10-25 16:58:53,065 - INFO - feature_engineering - features created successfully! Dataset shape: (1, 43)
2025-10-25 16:58:53,400 - INFO - feature_engineering - FeatureEngineering initialized with dataset shape: (1, 11)
2025-10-25 16:58:53,402 - INFO - feature_engineering - features created successfully! Dataset shape: (1, 43)
2025-10-25 16:58:58,699 - INFO - feature_engineering - FeatureEngineering initialized with dataset shape: (1, 11)
2025-10-25 16:58:58,701 - INFO - feature_engineering - features created successfully! Dataset shape: (1, 43)
2025-10-25 16:58:58,858 - INFO - feature_engineering - FeatureEngineering initialized with dataset shape: (1, 11)
2025-10-25 16:58:58,860 - INFO - feature_engineering - features created successfully! Dataset shape: (1, 43)
2025-10-25 16:58:59,150 - INFO - feature_engineering - FeatureEngineering initialized with dataset shape: (1, 11)
2025-10-25 16:58:59,152 - INFO - feature_engineering - features created successfully! Dataset shape: (1, 43)
2025-10-25 16:58:59,514 - INFO - feature_engineering - FeatureEngineering initialized with dataset shape: (1, 11)
2025-10-25 16:58:59,516 - INFO - feature_engineering - features created successfully! Dataset shape: (1, 43)
2025-10-25 16:58:59,930 - INFO - feature_engineering - FeatureEngineering initialized with dataset shape: (1, 11)
2025-10-25 16:58:59,932 - INFO - feature_engineering - features created successfully! Dataset shape: (1, 43)
2025-10-25 16:59:00,547 - INFO - feature_engineering - FeatureEngineering initialized with dataset shape: (1, 11)
2025-10-25 16:59:00,549 - INFO - feature_engineering - features created successfully! Dataset shape: (1, 43)
2025-10-25 16:59:01,220 - INFO - feature_engineering - FeatureEngineering initialized with dataset shape: (1, 11)
2025-10-25 16:59:01,222 - INFO - feature_engineering - features created successfully! Dataset shape: (1, 43)
2025-10-25 17:00:48,052 - INFO - feature_engineering - FeatureEngineering initialized with dataset shape: (1, 11)
2025-10-25 17:00:48,054 - INFO - feature_engineering - features created successfully! Dataset shape: (1, 43)
2025-10-25 17:00:48,382 - INFO - feature_engineering - FeatureEngineering initialized with dataset shape: (1, 11)
2025-10-25 17:00:48,383 - INFO - feature_engineering - features created successfully! Dataset shape: (1, 43)
2025-10-25 17:00:48,691 - INFO - feature_engineering - FeatureEngineering initialized with dataset shape: (1, 11)
2025-10-25 17:00:48,694 - INFO - feature_engineering - features created successfully! Dataset shape: (1, 43)
2025-10-25 17:00:49,002 - INFO - feature_engineering - FeatureEngineering initialized with dataset shape: (1, 11)
2025-10-25 17:00:49,005 - INFO - feature_engineering - features created successfully! Dataset shape: (1, 43)
2025-10-25 17:00:49,342 - INFO - feature_engineering - FeatureEngineering initialized with dataset shape: (1, 11)
2025-10-25 17:00:49,344 - INFO - feature_engineering - features created successfully! Dataset shape: (1, 43)
2025-10-25 17:00:49,793 - INFO - feature_engineering - FeatureEngineering initialized with dataset shape: (1, 11)
2025-10-25 17:00:49,796 - INFO - feature_engineering - features created successfully! Dataset shape: (1, 43)
2025-10-25 17:01:30,219 - INFO - feature_engineering - FeatureEngineering initialized with dataset shape: (1, 11)
2025-10-25 17:01:30,221 - INFO - feature_engineering - features created successfully! Dataset shape: (1, 43)
2025-10-25 17:01:30,922 - INFO - feature_engineering - FeatureEngineering initialized with dataset shape: (1, 11)
2025-10-25 17:01:30,925 - INFO - feature_engineering - features created successfully! Dataset shape: (1, 43)
2025-10-25 17:01:31,248 - INFO - feature_engineering - FeatureEngineering initialized with dataset shape: (1, 11)
2025-10-25 17:01:31,250 - INFO - feature_engineering - features created successfully! Dataset shape: (1, 43)
2025-10-25 17:01:31,541 - INFO - feature_engineering - FeatureEngineering initialized with dataset shape: (1, 11)
2025-10-25 17:01:31,543 - INFO - feature_engineering - features created successfully! Dataset shape: (1, 43)
2025-10-25 17:03:43,244 - INFO - feature_engineering - FeatureEngineering initialized with dataset shape: (1, 11)
2025-10-25 17:03:43,246 - INFO - feature_engineering - features created successfully! Dataset shape: (1, 43)
2025-10-25 17:03:43,836 - INFO - feature_engineering - FeatureEngineering initialized with dataset shape: (1, 11)
2025-10-25 17:03:43,838 - INFO - feature_engineering - features created successfully! Dataset shape: (1, 43)
2025-10-25 17:03:44,163 - INFO - feature_engineering - FeatureEngineering initialized with dataset shape: (1, 11)
2025-10-25 17:03:44,166 - INFO - feature_engineering - features created successfully! Dataset shape: (1, 43)
2025-10-25 17:03:44,747 - INFO - feature_engineering - FeatureEngineering initialized with dataset shape: (1, 11)
2025-10-25 17:03:44,749 - INFO - feature_engineering - features created successfully! Dataset shape: (1, 43)
2025-10-25 17:03:50,077 - INFO - feature_engineering - FeatureEngineering initialized with dataset shape: (1, 11)
2025-10-25 17:03:50,080 - INFO - feature_engineering - features created successfully! Dataset shape: (1, 43)
2025-10-25 17:06:04,186 - INFO - feature_engineering - FeatureEngineering initialized with dataset shape: (1, 11)
2025-10-25 17:06:04,195 - INFO - feature_engineering - features created successfully! Dataset shape: (1, 43)
2025-10-25 17:06:44,633 - INFO - feature_engineering - FeatureEngineering initialized with dataset shape: (1, 11)
2025-10-25 17:06:44,636 - INFO - feature_engineering - features created successfully! Dataset shape: (1, 43)
2025-10-25 17:06:45,139 - INFO - feature_engineering - FeatureEngineering initialized with dataset shape: (1, 11)
2025-10-25 17:06:45,141 - INFO - feature_engineering - features created successfully! Dataset shape: (1, 43)
2025-10-25 17:06:45,481 - INFO - feature_engineering - FeatureEngineering initialized with dataset shape: (1, 11)
2025-10-25 17:06:45,483 - INFO - feature_engineering - features created successfully! Dataset shape: (1, 43)
2025-10-25 17:06:46,131 - INFO - feature_engineering - FeatureEngineering initialized with dataset shape: (1, 11)
2025-10-25 17:06:46,132 - INFO - feature_engineering - features created successfully! Dataset shape: (1, 43)
2025-10-25 17:09:30,632 - INFO - feature_engineering - FeatureEngineering initialized with dataset shape: (1, 11)
2025-10-25 17:09:30,639 - INFO - feature_engineering - features created successfully! Dataset shape: (1, 43)
2025-10-25 17:10:07,129 - INFO - use_feature_engineering - dataset loaded with shape: (3561, 11)
2025-10-25 17:10:07,129 - INFO - feature_engineering - FeatureEngineering initialized with dataset shape: (3561, 11)
2025-10-25 17:10:07,203 - INFO - feature_engineering - TF-IDF vectorizer saved to model/best/tfidf_vectorizer.joblib
2025-10-25 17:10:07,203 - INFO - feature_engineering - features created successfully! Dataset shape: (3561, 515)
2025-10-25 17:10:07,204 - INFO - use_feature_engineering - new TF-IDF features added
2025-10-25 17:10:07,661 - INFO - use_feature_engineering - file saved to path: data/engineered\engineered_dataset.csv
2025-10-25 17:11:05,260 - INFO - feature_engineering - FeatureEngineering initialized with dataset shape: (1, 11)
2025-10-25 17:11:05,262 - INFO - feature_engineering - features created successfully! Dataset shape: (1, 43)
2025-10-25 17:11:06,177 - INFO - feature_engineering - FeatureEngineering initialized with dataset shape: (1, 11)
2025-10-25 17:11:06,179 - INFO - feature_engineering - features created successfully! Dataset shape: (1, 43)
2025-10-25 17:11:14,200 - INFO - feature_engineering - FeatureEngineering initialized with dataset shape: (1, 11)
2025-10-25 17:11:14,203 - INFO - feature_engineering - features created successfully! Dataset shape: (1, 43)
2025-10-25 17:11:15,126 - INFO - feature_engineering - FeatureEngineering initialized with dataset shape: (1, 11)
2025-10-25 17:11:15,129 - INFO - feature_engineering - features created successfully! Dataset shape: (1, 43)
2025-10-25 17:11:16,427 - INFO - feature_engineering - FeatureEngineering initialized with dataset shape: (1, 11)
2025-10-25 17:11:16,430 - INFO - feature_engineering - features created successfully! Dataset shape: (1, 43)
2025-10-25 17:15:05,254 - INFO - feature_engineering - FeatureEngineering initialized with dataset shape: (1, 11)
2025-10-25 17:15:05,256 - INFO - feature_engineering - features created successfully! Dataset shape: (1, 43)
2025-10-25 17:15:05,443 - INFO - feature_engineering - FeatureEngineering initialized with dataset shape: (1, 11)
2025-10-25 17:15:05,445 - INFO - feature_engineering - features created successfully! Dataset shape: (1, 43)
2025-10-25 17:17:58,302 - INFO - feature_engineering - FeatureEngineering initialized with dataset shape: (1, 11)
2025-10-25 17:17:58,304 - INFO - feature_engineering - features created successfully! Dataset shape: (1, 43)
2025-10-25 17:17:58,963 - INFO - feature_engineering - FeatureEngineering initialized with dataset shape: (1, 11)
2025-10-25 17:17:58,965 - INFO - feature_engineering - features created successfully! Dataset shape: (1, 43)
2025-10-25 17:17:59,298 - INFO - feature_engineering - FeatureEngineering initialized with dataset shape: (1, 11)
2025-10-25 17:17:59,301 - INFO - feature_engineering - features created successfully! Dataset shape: (1, 43)
2025-10-25 17:18:17,650 - INFO - feature_engineering - FeatureEngineering initialized with dataset shape: (1, 11)
2025-10-25 17:18:17,652 - INFO - feature_engineering - features created successfully! Dataset shape: (1, 43)
2025-10-25 17:18:18,168 - INFO - feature_engineering - FeatureEngineering initialized with dataset shape: (1, 11)
2025-10-25 17:18:18,172 - INFO - feature_engineering - features created successfully! Dataset shape: (1, 43)
2025-10-25 17:18:18,355 - INFO - feature_engineering - FeatureEngineering initialized with dataset shape: (1, 11)
2025-10-25 17:18:18,357 - INFO - feature_engineering - features created successfully! Dataset shape: (1, 43)
2025-10-25 17:18:18,684 - INFO - feature_engineering - FeatureEngineering initialized with dataset shape: (1, 11)
2025-10-25 17:18:18,686 - INFO - feature_engineering - features created successfully! Dataset shape: (1, 43)
2025-10-25 17:18:22,027 - INFO - feature_engineering - FeatureEngineering initialized with dataset shape: (1, 11)
2025-10-25 17:18:22,031 - INFO - feature_engineering - features created successfully! Dataset shape: (1, 43)
2025-10-25 17:18:23,134 - INFO - feature_engineering - FeatureEngineering initialized with dataset shape: (1, 11)
2025-10-25 17:18:23,136 - INFO - feature_engineering - features created successfully! Dataset shape: (1, 43)
2025-10-25 17:18:24,132 - INFO - feature_engineering - FeatureEngineering initialized with dataset shape: (1, 11)
2025-10-25 17:18:24,134 - INFO - feature_engineering - features created successfully! Dataset shape: (1, 43)
2025-10-25 17:18:36,563 - INFO - feature_engineering - FeatureEngineering initialized with dataset shape: (1, 11)
2025-10-25 17:18:36,566 - INFO - feature_engineering - features created successfully! Dataset shape: (1, 43)
2025-10-25 17:18:37,481 - INFO - feature_engineering - FeatureEngineering initialized with dataset shape: (1, 11)
2025-10-25 17:18:37,483 - INFO - feature_engineering - features created successfully! Dataset shape: (1, 43)
2025-10-25 17:18:37,826 - INFO - feature_engineering - FeatureEngineering initialized with dataset shape: (1, 11)
2025-10-25 17:18:37,828 - INFO - feature_engineering - features created successfully! Dataset shape: (1, 43)
2025-10-25 17:18:38,150 - INFO - feature_engineering - FeatureEngineering initialized with dataset shape: (1, 11)
2025-10-25 17:18:38,152 - INFO - feature_engineering - features created successfully! Dataset shape: (1, 43)
2025-10-25 17:18:38,451 - INFO - feature_engineering - FeatureEngineering initialized with dataset shape: (1, 11)
2025-10-25 17:18:38,453 - INFO - feature_engineering - features created successfully! Dataset shape: (1, 43)
2025-10-25 17:18:38,990 - INFO - feature_engineering - FeatureEngineering initialized with dataset shape: (1, 11)
2025-10-25 17:18:38,992 - INFO - feature_engineering - features created successfully! Dataset shape: (1, 43)
2025-10-25 17:18:39,295 - INFO - feature_engineering - FeatureEngineering initialized with dataset shape: (1, 11)
2025-10-25 17:18:39,297 - INFO - feature_engineering - features created successfully! Dataset shape: (1, 43)
2025-10-25 17:22:09,594 - INFO - feature_engineering - FeatureEngineering initialized with dataset shape: (1, 11)
2025-10-25 17:22:09,597 - INFO - feature_engineering - features created successfully! Dataset shape: (1, 43)
2025-10-25 17:22:10,674 - INFO - feature_engineering - FeatureEngineering initialized with dataset shape: (1, 11)
2025-10-25 17:22:10,676 - INFO - feature_engineering - features created successfully! Dataset shape: (1, 43)
2025-10-25 17:22:11,362 - INFO - feature_engineering - FeatureEngineering initialized with dataset shape: (1, 11)
2025-10-25 17:22:11,364 - INFO - feature_engineering - features created successfully! Dataset shape: (1, 43)
2025-10-25 17:22:11,826 - INFO - feature_engineering - FeatureEngineering initialized with dataset shape: (1, 11)
2025-10-25 17:22:11,828 - INFO - feature_engineering - features created successfully! Dataset shape: (1, 43)
2025-10-25 17:22:12,299 - INFO - feature_engineering - FeatureEngineering initialized with dataset shape: (1, 11)
2025-10-25 17:22:12,301 - INFO - feature_engineering - features created successfully! Dataset shape: (1, 43)
2025-10-25 17:22:12,794 - INFO - feature_engineering - FeatureEngineering initialized with dataset shape: (1, 11)
2025-10-25 17:22:12,798 - INFO - feature_engineering - features created successfully! Dataset shape: (1, 43)
2025-10-25 17:22:13,330 - INFO - feature_engineering - FeatureEngineering initialized with dataset shape: (1, 11)
2025-10-25 17:22:13,333 - INFO - feature_engineering - features created successfully! Dataset shape: (1, 43)
2025-10-25 17:22:14,089 - INFO - feature_engineering - FeatureEngineering initialized with dataset shape: (1, 11)
2025-10-25 17:22:14,092 - INFO - feature_engineering - features created successfully! Dataset shape: (1, 43)
2025-10-25 17:22:14,748 - INFO - feature_engineering - FeatureEngineering initialized with dataset shape: (1, 11)
2025-10-25 17:22:14,750 - INFO - feature_engineering - features created successfully! Dataset shape: (1, 43)
2025-10-25 17:22:15,270 - INFO - feature_engineering - FeatureEngineering initialized with dataset shape: (1, 11)
2025-10-25 17:22:15,272 - INFO - feature_engineering - features created successfully! Dataset shape: (1, 43)
2025-10-25 17:22:15,808 - INFO - feature_engineering - FeatureEngineering initialized with dataset shape: (1, 11)
2025-10-25 17:22:15,810 - INFO - feature_engineering - features created successfully! Dataset shape: (1, 43)
2025-10-25 17:22:16,353 - INFO - feature_engineering - FeatureEngineering initialized with dataset shape: (1, 11)
2025-10-25 17:22:16,355 - INFO - feature_engineering - features created successfully! Dataset shape: (1, 43)
2025-10-25 17:22:17,105 - INFO - feature_engineering - FeatureEngineering initialized with dataset shape: (1, 11)
2025-10-25 17:22:17,107 - INFO - feature_engineering - features created successfully! Dataset shape: (1, 43)
2025-10-25 17:22:17,979 - INFO - feature_engineering - FeatureEngineering initialized with dataset shape: (1, 11)
2025-10-25 17:22:17,982 - INFO - feature_engineering - features created successfully! Dataset shape: (1, 43)
2025-10-25 17:22:18,769 - INFO - feature_engineering - FeatureEngineering initialized with dataset shape: (1, 11)
2025-10-25 17:22:18,770 - INFO - feature_engineering - features created successfully! Dataset shape: (1, 43)
2025-10-25 17:22:19,387 - INFO - feature_engineering - FeatureEngineering initialized with dataset shape: (1, 11)
2025-10-25 17:22:19,389 - INFO - feature_engineering - features created successfully! Dataset shape: (1, 43)
2025-10-25 17:22:19,973 - INFO - feature_engineering - FeatureEngineering initialized with dataset shape: (1, 11)
2025-10-25 17:22:19,975 - INFO - feature_engineering - features created successfully! Dataset shape: (1, 43)
2025-10-25 17:22:20,506 - INFO - feature_engineering - FeatureEngineering initialized with dataset shape: (1, 11)
2025-10-25 17:22:20,508 - INFO - feature_engineering - features created successfully! Dataset shape: (1, 43)
2025-10-25 17:22:21,123 - INFO - feature_engineering - FeatureEngineering initialized with dataset shape: (1, 11)
2025-10-25 17:22:21,125 - INFO - feature_engineering - features created successfully! Dataset shape: (1, 43)
2025-10-25 17:22:21,451 - INFO - feature_engineering - FeatureEngineering initialized with dataset shape: (1, 11)
2025-10-25 17:22:21,453 - INFO - feature_engineering - features created successfully! Dataset shape: (1, 43)
2025-10-25 17:22:21,778 - INFO - feature_engineering - FeatureEngineering initialized with dataset shape: (1, 11)
2025-10-25 17:22:21,780 - INFO - feature_engineering - features created successfully! Dataset shape: (1, 43)
2025-10-25 17:22:22,419 - INFO - feature_engineering - FeatureEngineering initialized with dataset shape: (1, 11)
2025-10-25 17:22:22,420 - INFO - feature_engineering - features created successfully! Dataset shape: (1, 43)
2025-10-25 17:22:22,898 - INFO - feature_engineering - FeatureEngineering initialized with dataset shape: (1, 11)
2025-10-25 17:22:22,900 - INFO - feature_engineering - features created successfully! Dataset shape: (1, 43)
2025-10-25 17:22:23,507 - INFO - feature_engineering - FeatureEngineering initialized with dataset shape: (1, 11)
2025-10-25 17:22:23,510 - INFO - feature_engineering - features created successfully! Dataset shape: (1, 43)
2025-10-25 17:22:24,963 - INFO - feature_engineering - FeatureEngineering initialized with dataset shape: (1, 11)
2025-10-25 17:22:24,965 - INFO - feature_engineering - features created successfully! Dataset shape: (1, 43)
2025-10-25 17:22:25,628 - INFO - feature_engineering - FeatureEngineering initialized with dataset shape: (1, 11)
2025-10-25 17:22:25,631 - INFO - feature_engineering - features created successfully! Dataset shape: (1, 43)
2025-10-25 17:22:25,961 - INFO - feature_engineering - FeatureEngineering initialized with dataset shape: (1, 11)
2025-10-25 17:22:25,963 - INFO - feature_engineering - features created successfully! Dataset shape: (1, 43)
2025-10-25 17:22:26,286 - INFO - feature_engineering - FeatureEngineering initialized with dataset shape: (1, 11)
2025-10-25 17:22:26,289 - INFO - feature_engineering - features created successfully! Dataset shape: (1, 43)
2025-10-25 17:22:26,680 - INFO - feature_engineering - FeatureEngineering initialized with dataset shape: (1, 11)
2025-10-25 17:22:26,682 - INFO - feature_engineering - features created successfully! Dataset shape: (1, 43)
2025-10-25 17:22:27,025 - INFO - feature_engineering - FeatureEngineering initialized with dataset shape: (1, 11)
2025-10-25 17:22:27,028 - INFO - feature_engineering - features created successfully! Dataset shape: (1, 43)
2025-10-25 17:22:27,505 - INFO - feature_engineering - FeatureEngineering initialized with dataset shape: (1, 11)
2025-10-25 17:22:27,508 - INFO - feature_engineering - features created successfully! Dataset shape: (1, 43)
2025-10-25 17:22:27,810 - INFO - feature_engineering - FeatureEngineering initialized with dataset shape: (1, 11)
2025-10-25 17:22:27,813 - INFO - feature_engineering - features created successfully! Dataset shape: (1, 43)
2025-10-25 17:23:03,509 - INFO - feature_engineering - FeatureEngineering initialized with dataset shape: (1, 11)
2025-10-25 17:23:03,511 - INFO - feature_engineering - features created successfully! Dataset shape: (1, 43)
2025-10-25 17:23:04,746 - INFO - feature_engineering - FeatureEngineering initialized with dataset shape: (1, 11)
2025-10-25 17:23:04,748 - INFO - feature_engineering - features created successfully! Dataset shape: (1, 43)
2025-10-25 17:23:11,248 - INFO - feature_engineering - FeatureEngineering initialized with dataset shape: (1, 11)
2025-10-25 17:23:11,250 - INFO - feature_engineering - features created successfully! Dataset shape: (1, 43)
2025-10-25 17:23:11,785 - INFO - feature_engineering - FeatureEngineering initialized with dataset shape: (1, 11)
2025-10-25 17:23:11,787 - INFO - feature_engineering - features created successfully! Dataset shape: (1, 43)
2025-10-25 17:23:25,378 - INFO - feature_engineering - FeatureEngineering initialized with dataset shape: (1, 11)
2025-10-25 17:23:25,380 - INFO - feature_engineering - features created successfully! Dataset shape: (1, 43)
2025-10-25 17:23:26,033 - INFO - feature_engineering - FeatureEngineering initialized with dataset shape: (1, 11)
2025-10-25 17:23:26,035 - INFO - feature_engineering - features created successfully! Dataset shape: (1, 43)
2025-10-25 17:23:32,189 - INFO - feature_engineering - FeatureEngineering initialized with dataset shape: (1, 11)
2025-10-25 17:23:32,193 - INFO - feature_engineering - features created successfully! Dataset shape: (1, 43)
2025-10-25 17:23:39,528 - INFO - feature_engineering - FeatureEngineering initialized with dataset shape: (1, 11)
2025-10-25 17:23:39,530 - INFO - feature_engineering - features created successfully! Dataset shape: (1, 43)
2025-10-25 17:23:41,002 - INFO - feature_engineering - FeatureEngineering initialized with dataset shape: (1, 11)
2025-10-25 17:23:41,005 - INFO - feature_engineering - features created successfully! Dataset shape: (1, 43)
2025-10-25 17:23:52,079 - INFO - feature_engineering - FeatureEngineering initialized with dataset shape: (1, 11)
2025-10-25 17:23:52,083 - INFO - feature_engineering - features created successfully! Dataset shape: (1, 43)
2025-10-25 17:23:52,814 - INFO - feature_engineering - FeatureEngineering initialized with dataset shape: (1, 11)
2025-10-25 17:23:52,816 - INFO - feature_engineering - features created successfully! Dataset shape: (1, 43)
